2280 ALNS jobs, 2280 to run
0/2280 4s
200/2280 18s
400/2280 32s
600/2280 47s
800/2280 61s
1000/2280 75s
1200/2280 89s
1400/2280 105s
1600/2280 119s
1800/2280 133s
2000/2280 147s
2200/2280 162s
ratios are per-instance means; lever = E_nom/E_saa (>1 means anticipation helps)
setting         model              E_nom/nomMS      lever E_nom/E_saa           E_nom/E_saaN            E_nom/E_q80    E_saa/E_cv (cv set)             E_nom/E_cv picks
MA-AT-25-5-50   logn.3    1.098 [1.078, 1.122]   1.002 [1.000, 1.006]   1.000 [1.000, 1.001]   0.965 [0.954, 0.976]   1.079 [1.057, 1.103]   1.078 [1.057, 1.102] {'msa': 1, 'nom': 9}
MA-AT-25-5-50   exp       1.399 [1.331, 1.477]   1.000 [0.996, 1.003]   0.999 [0.996, 1.002]   0.952 [0.943, 0.960]   1.383 [1.314, 1.465]   1.347 [1.290, 1.410] {'nom': 9, 'msa': 1}
MA-AT-25-5-50   u02d      1.201 [1.169, 1.237]   1.002 [1.000, 1.005]   1.001 [1.000, 1.002]   0.950 [0.933, 0.969]   1.175 [1.141, 1.213]   1.178 [1.139, 1.224] {'q': 1, 'nom': 9}
MA-AT-25-5-50   hssrg     1.451 [1.421, 1.485]   1.006 [1.001, 1.013]   1.001 [0.999, 1.004]   0.985 [0.976, 0.997]   1.011 [1.000, 1.025]   1.018 [1.004, 1.033] {'msa': 3, 'nom': 6, 'q': 1}
MA-AT-50-5-50   logn.3    1.152 [1.136, 1.168]   0.999 [0.997, 1.001]   0.999 [0.997, 1.001]   0.966 [0.958, 0.973]   1.132 [1.115, 1.150]   1.130 [1.116, 1.146] {'nom': 10}
MA-AT-50-5-50   exp       1.629 [1.569, 1.698]   1.004 [1.002, 1.006]   1.003 [1.001, 1.006]   0.976 [0.964, 0.988]   1.422 [1.382, 1.455]   1.420 [1.370, 1.469] {'nom': 9, 'q': 1}
MA-AT-50-5-50   u02d      1.276 [1.254, 1.299]   0.999 [0.995, 1.001]   0.999 [0.995, 1.001]   0.964 [0.950, 0.976]   1.238 [1.221, 1.258]   1.234 [1.216, 1.255] {'nom': 9, 'q': 1}
MA-AT-50-5-50   hssrg     1.502 [1.476, 1.530]   1.016 [1.011, 1.022]   1.011 [1.005, 1.017]   1.005 [0.995, 1.014]   1.026 [1.014, 1.037]   1.045 [1.028, 1.065] {'q': 3, 'msa': 2, 'nom': 5}
SA-BT-50-5-50   logn.3    1.166 [1.157, 1.174]   1.002 [0.998, 1.006]   1.002 [0.999, 1.006]   0.984 [0.974, 0.993]   1.143 [1.126, 1.161]   1.143 [1.124, 1.164] {'nom': 9, 'q': 1}
SA-BT-50-5-50   exp       1.691 [1.670, 1.714]   1.005 [0.997, 1.014]   1.007 [1.000, 1.016]   0.990 [0.977, 0.999]   1.277 [1.244, 1.316]   1.276 [1.240, 1.312] {'q': 3, 'nom': 7}
SA-BT-50-5-50   u02d      1.277 [1.267, 1.287]   1.003 [1.000, 1.006]   1.002 [0.999, 1.006]   0.990 [0.982, 0.999]   1.230 [1.212, 1.246]   1.236 [1.214, 1.251] {'nom': 9, 'q': 1}
SA-BT-50-5-50   hssrg     1.421 [1.405, 1.439]   1.022 [1.012, 1.032]   1.009 [1.003, 1.017]   1.017 [1.005, 1.029]   1.042 [1.030, 1.054]   1.048 [1.037, 1.059] {'q': 6, 'nom': 4}
